// Jest Snapshot v1, https://goo.gl/fbAQLP

exports[`Layout Component component successfully rendered 1`] = `ShallowWrapper {}`;
